
Sharyu Malshette@Sharyu MINGW64 /c/Sharyu/New folder
$ git init
Initialized empty Git repository in C:/Sharyu/New folder/.git/

Sharyu Malshette@Sharyu MINGW64 /c/Sharyu/New folder (main)
$ touch Command.txt

Sharyu Malshette@Sharyu MINGW64 /c/Sharyu/New folder (main)
$ git add .

Sharyu Malshette@Sharyu MINGW64 /c/Sharyu/New folder (main)
$ git status
On branch main

No commits yet

Changes to be committed:
  (use "git rm --cached <file>..." to unstage)
        new file:   Command.txt


Sharyu Malshette@Sharyu MINGW64 /c/Sharyu/New folder (main)
$ git commit -m "first commit"
[main (root-commit) 2fc2304] first commit
 1 file changed, 0 insertions(+), 0 deletions(-)
 create mode 100644 Command.txt

Sharyu Malshette@Sharyu MINGW64 /c/Sharyu/New folder (main)
$ git remote add origin https://github.com/SharyuMalshette/Test.git

Sharyu Malshette@Sharyu MINGW64 /c/Sharyu/New folder (main)
$ git push -u origin main
Enumerating objects: 3, done.
Counting objects: 100% (3/3), done.
Writing objects: 100% (3/3), 221 bytes | 221.00 KiB/s, done.
Total 3 (delta 0), reused 0 (delta 0), pack-reused 0
To https://github.com/SharyuMalshette/Test.git
 * [new branch]      main -> main
branch 'main' set up to track 'origin/main'.

Sharyu Malshette@Sharyu MINGW64 /c/Sharyu/New folder (main)
$


